
========================================
  TEST: Easy (Logic Check)
========================================
Difficulty Estimate: Hard
[STEP] (0,1) -> 3 : Naked Single at (0,1)
[STEP] (0,2) -> 5 : Naked Single at (0,2)
[STEP] (0,0) -> 4 : Naked Single at (0,0)
[STEP] (0,5) -> 9 : Naked Single at (0,5)
[STEP] (0,7) -> 8 : Naked Single at (0,7)
[STEP] (1,2) -> 2 : Naked Single at (1,2)
[STEP] (1,3) -> 5 : Naked Single at (1,3)
[STEP] (1,5) -> 1 : Naked Single at (1,5)
[STEP] (1,8) -> 3 : Naked Single at (1,8)
[STEP] (1,6) -> 4 : Naked Single at (1,6)
[STEP] (2,2) -> 7 : Naked Single at (2,2)
[STEP] (2,3) -> 8 : Naked Single at (2,3)
[STEP] (2,4) -> 3 : Naked Single at (2,4)
[STEP] (2,7) -> 6 : Naked Single at (2,7)
[STEP] (2,8) -> 2 : Naked Single at (2,8)
[STEP] (3,2) -> 6 : Naked Single at (3,2)
[STEP] (3,4) -> 9 : Naked Single at (3,4)
[STEP] (3,6) -> 3 : Naked Single at (3,6)
[STEP] (4,0) -> 3 : Naked Single at (4,0)
[STEP] (4,4) -> 8 : Naked Single at (4,4)
[STEP] (5,0) -> 9 : Naked Single at (5,0)
[STEP] (5,2) -> 1 : Naked Single at (5,2)
[STEP] (4,1) -> 7 : Naked Single at (4,1)
[STEP] (4,8) -> 5 : Naked Single at (4,8)
[STEP] (3,8) -> 7 : Naked Single at (3,8)
[STEP] (3,5) -> 5 : Naked Single at (3,5)
[STEP] (4,7) -> 1 : Naked Single at (4,7)
[STEP] (5,4) -> 4 : Naked Single at (5,4)
[STEP] (5,3) -> 7 : Naked Single at (5,3)
[STEP] (5,6) -> 6 : Naked Single at (5,6)
[STEP] (6,4) -> 2 : Naked Single at (6,4)
[STEP] (6,0) -> 5 : Naked Single at (6,0)
[STEP] (6,5) -> 6 : Naked Single at (6,5)
[STEP] (6,1) -> 1 : Naked Single at (6,1)
[STEP] (6,6) -> 8 : Naked Single at (6,6)
[STEP] (7,0) -> 2 : Naked Single at (7,0)
[STEP] (7,2) -> 8 : Naked Single at (7,2)
[STEP] (7,3) -> 9 : Naked Single at (7,3)
[STEP] (7,5) -> 7 : Naked Single at (7,5)
[STEP] (7,6) -> 1 : Naked Single at (7,6)
[STEP] (8,1) -> 6 : Naked Single at (8,1)
[STEP] (8,3) -> 4 : Naked Single at (8,3)
[STEP] (8,6) -> 2 : Naked Single at (8,6)
[STEP] (8,7) -> 5 : Naked Single at (8,7)
[STEP] (8,8) -> 9 : Naked Single at (8,8)

[SUCCESS] Solved!
Stats:
  Logic Moves : 45
  Backtracks  : 0
  Recursions  : 0

========================================
  TEST: Hard (Backtrack Check)
========================================
Difficulty Estimate: Expert
[STEP] (0,2) -> 6 : Hidden Single in Box (0,0)
[STEP] (2,7) -> 2 : Backtrack Try: 2
[STEP] (1,0) -> 8 : Backtrack Try: 8
[STEP] (2,0) -> 0 : Backtracking
[STEP] (5,1) -> 1 : Backtrack Try: 1
[STEP] (3,4) -> 0 : Backtracking
[STEP] (4,6) -> 5 : Backtrack Try: 5
[STEP] (3,2) -> 0 : Backtracking
[STEP] (1,1) -> 0 : Backtracking
[STEP] (3,3) -> 1 : Backtrack Try: 1
[STEP] (4,2) -> 0 : Backtracking
[STEP] (3,3) -> 0 : Backtracking
[STEP] (3,1) -> 0 : Backtracking
[STEP] (0,6) -> 0 : Backtracking
[STEP] (0,8) -> 8 : Backtrack Try: 8
[STEP] (5,7) -> 9 : Backtrack Try: 9
[STEP] (5,5) -> 8 : Backtrack Try: 8
[STEP] (4,2) -> 0 : Backtracking
[STEP] (3,6) -> 0 : Backtracking
[STEP] (5,5) -> 0 : Backtracking
[STEP] (5,7) -> 9 : Backtrack Try: 9
[STEP] (3,6) -> 8 : Backtrack Try: 8
[STEP] (5,1) -> 1 : Backtrack Try: 1
[STEP] (6,0) -> 2 : Backtrack Try: 2
[STEP] (7,2) -> 8 : Backtrack Try: 8
[STEP] (8,0) -> 7 : Backtrack Try: 7

[SUCCESS] Solved!
Stats:
  Logic Moves : 1
  Backtracks  : 239
  Recursions  : 301
